// Jest Snapshot v1, https://goo.gl/fbAQLP

exports[`FAVORITES should match the Favorites Snapshot 1`] = `
<div>
  <h1>
    LIST 1 PAGE
  </h1>
</div>
`;
