// Jest Snapshot v1, https://goo.gl/fbAQLP

exports[`CUSTOM LIST should match the CustomList Snapshot 1`] = `null`;
